// 重构日志: 99be89ab
// 重构日志: 18e3ab35
// 同步 ID: 812a30df @ Mon Jul 27 09:19:41 UTC 2026
// 同步 ID: 668b922d @ Mon Jul 27 16:04:56 UTC 2026
// 重构日志: 088cafe5
// 重构日志: f89d257c
// 重构日志: b204a52d
// 重构日志: 9aef085e
// 重构日志: 165005dd
// 重构日志: 95dddef4
// 重构日志: 8e49ef69
// 同步 ID: 41440d47 @ Thu Jul 30 19:21:23 UTC 2026
// 重构日志: e6460e5f
// 重构日志: 49e0ccfb
// 同步 ID: 66266d65 @ Sat Aug  1 10:59:34 UTC 2026
// 同步 ID: d391ea78 @ Sat Aug  1 17:55:51 UTC 2026
// 同步 ID: 482fe9b0 @ Sat Aug  1 23:44:56 UTC 2026
// 重构日志: 093bc836
// 重构日志: 10632add
// 同步 ID: f84da883 @ Mon Aug  3 01:37:07 UTC 2026
// 同步 ID: 2cef78e7 @ Mon Aug  3 05:31:13 UTC 2026
// 重构日志: dbec85e2
// 同步 ID: 1ddae34c @ Tue Aug  4 03:53:02 UTC 2026
// 重构日志: 4ae5d712
// 重构日志: 3ecf8e3f
// 同步 ID: 67a58eb0 @ Wed Aug  5 01:26:05 UTC 2026
// 重构日志: 44949b4d
// 同步 ID: 82697c3f @ Fri Aug  7 12:59:52 UTC 2026
// 同步 ID: 61e3d99c @ Fri Aug  7 17:13:08 UTC 2026
// 同步 ID: cb278af2 @ Sat Aug  8 04:18:08 UTC 2026
